Sun Nov  9 01:06:10 2025: Running xcd server. This server was built by gradle.
Sun Nov  9 01:06:10 2025: Server was asked to start on port: '46821'
Sun Nov  9 01:06:10 2025: Server is using token UUID: '17da2652-a440-4d10-878f-d3ecb7388638'
Sun Nov  9 01:06:10 2025: SESSION_MGR: creating session with session uuid: '6d04a3e9-ade5-4ab9-8d63-1f78fcd2ec76' and name 'default'
Sun Nov  9 01:06:10 2025: Attempting to start server on port '46821'
Sun Nov  9 01:06:10 2025: XCD main fifo: created main fifo '/tmp/xcdmain17da2652-a440-4d10-878f-d3ecb7388638', fd read = 12
Sun Nov  9 01:06:10 2025: Running Dispatch Server
Sun Nov  9 01:06:10 2025: Version 2.2.0
Sun Nov  9 01:06:20 2025: Dispatch Server: Accepted socket connection from client
Sun Nov  9 01:06:20 2025: Starting Socket connection
Sun Nov  9 01:06:20 2025: EXCHANGE_TOKEN received, server token: 17da2652-a440-4d10-878f-d3ecb7388638, passed token: 17da2652-a440-4d10-878f-d3ecb7388638
Sun Nov  9 01:06:20 2025: SESSION_MGR: creating session with session uuid: '329d050e-6dcd-495f-ae82-bbd20aa3d11f' and name 'vitis_hls'
Sun Nov  9 01:06:20 2025: KERNEL_SVC: creating session with uuid: '329d050e-6dcd-495f-ae82-bbd20aa3d11f' and name 'vitis_hls'
Sun Nov  9 01:06:20 2025: GUIDANCE_SMGR: creating guidance session with uuid: '329d050e-6dcd-495f-ae82-bbd20aa3d11f' and name 'vitis_hls'
Sun Nov  9 01:06:23 2025: STOP_SERVER received, server token: 17da2652-a440-4d10-878f-d3ecb7388638, passed token: 17da2652-a440-4d10-878f-d3ecb7388638
Sun Nov  9 01:06:23 2025: Socket received request to stop server.
Sun Nov  9 01:06:23 2025: Dispatch Server: do_await_stop
Sun Nov  9 01:06:23 2025: Dispatch Server: stopping mainFifo_
Sun Nov  9 01:06:23 2025: XCD main fifo: Stopping
Sun Nov  9 01:06:23 2025: XCD main fifo: do_read error code: Operation canceled
Sun Nov  9 01:06:23 2025: XCD main fifo: bytes_transferred: 0
Sun Nov  9 01:06:23 2025: SERVER: destructor for server bound to port 46821
Sun Nov  9 01:06:23 2025: XCD main fifo: Good unlink of /tmp/xcdmain17da2652-a440-4d10-878f-d3ecb7388638
Sun Nov  9 01:06:23 2025: Server exiting with status 0.
Sun Nov  9 01:06:23 2025: Closing log file.
