Sun Nov  9 00:03:50 2025: Running xcd server. This server was built by gradle.
Sun Nov  9 00:03:50 2025: Server was asked to start on port: '43523'
Sun Nov  9 00:03:50 2025: Server is using token UUID: 'db5db0b5-15e9-4762-866a-cd1687c798cf'
Sun Nov  9 00:03:50 2025: SESSION_MGR: creating session with session uuid: '6d04a3e9-ade5-4ab9-8d63-1f78fcd2ec76' and name 'default'
Sun Nov  9 00:03:50 2025: Attempting to start server on port '43523'
Sun Nov  9 00:03:50 2025: XCD main fifo: created main fifo '/tmp/xcdmaindb5db0b5-15e9-4762-866a-cd1687c798cf', fd read = 12
Sun Nov  9 00:03:50 2025: Running Dispatch Server
Sun Nov  9 00:03:50 2025: Version 2.2.0
Sun Nov  9 00:03:59 2025: Dispatch Server: Accepted socket connection from client
Sun Nov  9 00:03:59 2025: Starting Socket connection
Sun Nov  9 00:03:59 2025: EXCHANGE_TOKEN received, server token: db5db0b5-15e9-4762-866a-cd1687c798cf, passed token: db5db0b5-15e9-4762-866a-cd1687c798cf
Sun Nov  9 00:03:59 2025: SESSION_MGR: creating session with session uuid: 'd68ac6fb-1851-4ade-92ea-eb105f5f5991' and name 'vitis_hls'
Sun Nov  9 00:03:59 2025: KERNEL_SVC: creating session with uuid: 'd68ac6fb-1851-4ade-92ea-eb105f5f5991' and name 'vitis_hls'
Sun Nov  9 00:03:59 2025: GUIDANCE_SMGR: creating guidance session with uuid: 'd68ac6fb-1851-4ade-92ea-eb105f5f5991' and name 'vitis_hls'
Sun Nov  9 00:04:03 2025: STOP_SERVER received, server token: db5db0b5-15e9-4762-866a-cd1687c798cf, passed token: db5db0b5-15e9-4762-866a-cd1687c798cf
Sun Nov  9 00:04:03 2025: Socket received request to stop server.
Sun Nov  9 00:04:03 2025: Dispatch Server: do_await_stop
Sun Nov  9 00:04:03 2025: Dispatch Server: stopping mainFifo_
Sun Nov  9 00:04:03 2025: XCD main fifo: Stopping
Sun Nov  9 00:04:03 2025: XCD main fifo: do_read error code: Operation canceled
Sun Nov  9 00:04:03 2025: XCD main fifo: bytes_transferred: 0
Sun Nov  9 00:04:03 2025: SERVER: destructor for server bound to port 43523
Sun Nov  9 00:04:03 2025: XCD main fifo: Good unlink of /tmp/xcdmaindb5db0b5-15e9-4762-866a-cd1687c798cf
Sun Nov  9 00:04:03 2025: Server exiting with status 0.
Sun Nov  9 00:04:03 2025: Closing log file.
