Sun Nov  9 01:06:30 2025: Running xcd server. This server was built by gradle.
Sun Nov  9 01:06:30 2025: Server was asked to start on port: '44611'
Sun Nov  9 01:06:30 2025: Server is using token UUID: '00ed9fff-6c02-42b5-86df-85909b7bb098'
Sun Nov  9 01:06:30 2025: SESSION_MGR: creating session with session uuid: '6d04a3e9-ade5-4ab9-8d63-1f78fcd2ec76' and name 'default'
Sun Nov  9 01:06:30 2025: Attempting to start server on port '44611'
Sun Nov  9 01:06:30 2025: XCD main fifo: created main fifo '/tmp/xcdmain00ed9fff-6c02-42b5-86df-85909b7bb098', fd read = 12
Sun Nov  9 01:06:30 2025: Running Dispatch Server
Sun Nov  9 01:06:30 2025: Version 2.2.0
Sun Nov  9 01:06:39 2025: Dispatch Server: Accepted socket connection from client
Sun Nov  9 01:06:39 2025: Starting Socket connection
Sun Nov  9 01:06:39 2025: EXCHANGE_TOKEN received, server token: 00ed9fff-6c02-42b5-86df-85909b7bb098, passed token: 00ed9fff-6c02-42b5-86df-85909b7bb098
Sun Nov  9 01:06:39 2025: SESSION_MGR: creating session with session uuid: '11edb836-f025-4612-8d7d-6a1c29e67633' and name 'vitis_hls'
Sun Nov  9 01:06:39 2025: KERNEL_SVC: creating session with uuid: '11edb836-f025-4612-8d7d-6a1c29e67633' and name 'vitis_hls'
Sun Nov  9 01:06:39 2025: GUIDANCE_SMGR: creating guidance session with uuid: '11edb836-f025-4612-8d7d-6a1c29e67633' and name 'vitis_hls'
Sun Nov  9 01:06:43 2025: STOP_SERVER received, server token: 00ed9fff-6c02-42b5-86df-85909b7bb098, passed token: 00ed9fff-6c02-42b5-86df-85909b7bb098
Sun Nov  9 01:06:43 2025: Socket received request to stop server.
Sun Nov  9 01:06:43 2025: Dispatch Server: do_await_stop
Sun Nov  9 01:06:43 2025: Dispatch Server: stopping mainFifo_
Sun Nov  9 01:06:43 2025: XCD main fifo: Stopping
Sun Nov  9 01:06:43 2025: XCD main fifo: do_read error code: Operation canceled
Sun Nov  9 01:06:43 2025: XCD main fifo: bytes_transferred: 0
Sun Nov  9 01:06:43 2025: SERVER: destructor for server bound to port 44611
Sun Nov  9 01:06:43 2025: XCD main fifo: Good unlink of /tmp/xcdmain00ed9fff-6c02-42b5-86df-85909b7bb098
Sun Nov  9 01:06:43 2025: Server exiting with status 0.
Sun Nov  9 01:06:43 2025: Closing log file.
